// Jest Snapshot v1, https://goo.gl/fbAQLP

exports[`ProductsGrid GENERAL should match a snapshot 1`] = `<div class="grid">slot content</div>`;
