// Jest Snapshot v1, https://goo.gl/fbAQLP

exports[`ProductsGrid GENERAL should match a snapshot 1`] = `
<div class="container">
  <div class="thumbnail"><img src="someUrl"></div>
  <div class="title">Some title</div>
  <div class="price"><span class="priceValue">20</span><span class="pricePenny">,99</span><span> z≈Ç</span></div>
  <div class="addToCart"><button class="button">ADD TO CART</button></div>
</div>
`;
