// Jest Snapshot v1, https://goo.gl/fbAQLP

exports[`Component: AppButton GENERAL should match a snapshot 1`] = `<button class="button"></button>`;
