// Jest Snapshot v1, https://goo.gl/fbAQLP

exports[`Component: ProductsGrid GENERAL should match a snapshot 1`] = `<transition-group-stub tag="div" moveclass="move" class="grid">slot content</transition-group-stub>`;
